// Vitest Snapshot v1

exports[`my model > should match snapshot 1`] = `
{
  "id": "1",
  "name": "my 1",
}
`;
